../Core/Src/main.c:93:5:main	24	static
../Core/Src/main.c:155:6:buttonPressed	16	static
../Core/Src/main.c:159:6:buttonReleased	16	static
../Core/Src/main.c:163:6:readKey	8	static
../Core/Src/main.c:167:10:getCurrentMs	8	static
../Core/Src/main.c:175:6:SystemClock_Config	88	static
../Core/Src/main.c:221:13:MX_ETH_Init	8	static
../Core/Src/main.c:270:13:MX_USART3_UART_Init	8	static
../Core/Src/main.c:303:13:MX_USB_OTG_FS_PCD_Init	8	static
../Core/Src/main.c:347:6:Error_Handler	4	static,ignoring_inline_asm
