Archive member included to satisfy reference by file (symbol)

C:/Users/Usuario/Documents/UTN-Luciano/Cuarto/Digitales 2/STM32CubeIDE/plugins/com.st.stm32cube.ide.mcu.externaltools.gnu-tools-for-stm32.13.3.rel1.win32_1.0.0.202411081344/tools/bin/../lib/gcc/arm-none-eabi/13.3.1/../../../../arm-none-eabi/lib/thumb/v7e-m+fp/hard\libc_nano.a(libc_a-exit.o)
                              C:/Users/Usuario/Documents/UTN-Luciano/Cuarto/Digitales 2/STM32CubeIDE/plugins/com.st.stm32cube.ide.mcu.externaltools.gnu-tools-for-stm32.13.3.rel1.win32_1.0.0.202411081344/tools/bin/../lib/gcc/arm-none-eabi/13.3.1/../../../../arm-none-eabi/lib/thumb/v7e-m+fp/hard/crt0.o (exit)
C:/Users/Usuario/Documents/UTN-Luciano/Cuarto/Digitales 2/STM32CubeIDE/plugins/com.st.stm32cube.ide.mcu.externaltools.gnu-tools-for-stm32.13.3.rel1.win32_1.0.0.202411081344/tools/bin/../lib/gcc/arm-none-eabi/13.3.1/../../../../arm-none-eabi/lib/thumb/v7e-m+fp/hard\libc_nano.a(libc_a-findfp.o)
                              C:/Users/Usuario/Documents/UTN-Luciano/Cuarto/Digitales 2/STM32CubeIDE/plugins/com.st.stm32cube.ide.mcu.externaltools.gnu-tools-for-stm32.13.3.rel1.win32_1.0.0.202411081344/tools/bin/../lib/gcc/arm-none-eabi/13.3.1/../../../../arm-none-eabi/lib/thumb/v7e-m+fp/hard\libc_nano.a(libc_a-exit.o) (__stdio_exit_handler)
C:/Users/Usuario/Documents/UTN-Luciano/Cuarto/Digitales 2/STM32CubeIDE/plugins/com.st.stm32cube.ide.mcu.externaltools.gnu-tools-for-stm32.13.3.rel1.win32_1.0.0.202411081344/tools/bin/../lib/gcc/arm-none-eabi/13.3.1/../../../../arm-none-eabi/lib/thumb/v7e-m+fp/hard\libc_nano.a(libc_a-fwalk.o)
                              C:/Users/Usuario/Documents/UTN-Luciano/Cuarto/Digitales 2/STM32CubeIDE/plugins/com.st.stm32cube.ide.mcu.externaltools.gnu-tools-for-stm32.13.3.rel1.win32_1.0.0.202411081344/tools/bin/../lib/gcc/arm-none-eabi/13.3.1/../../../../arm-none-eabi/lib/thumb/v7e-m+fp/hard\libc_nano.a(libc_a-findfp.o) (_fwalk_sglue)
C:/Users/Usuario/Documents/UTN-Luciano/Cuarto/Digitales 2/STM32CubeIDE/plugins/com.st.stm32cube.ide.mcu.externaltools.gnu-tools-for-stm32.13.3.rel1.win32_1.0.0.202411081344/tools/bin/../lib/gcc/arm-none-eabi/13.3.1/../../../../arm-none-eabi/lib/thumb/v7e-m+fp/hard\libc_nano.a(libc_a-stdio.o)
                              C:/Users/Usuario/Documents/UTN-Luciano/Cuarto/Digitales 2/STM32CubeIDE/plugins/com.st.stm32cube.ide.mcu.externaltools.gnu-tools-for-stm32.13.3.rel1.win32_1.0.0.202411081344/tools/bin/../lib/gcc/arm-none-eabi/13.3.1/../../../../arm-none-eabi/lib/thumb/v7e-m+fp/hard\libc_nano.a(libc_a-findfp.o) (__sread)
C:/Users/Usuario/Documents/UTN-Luciano/Cuarto/Digitales 2/STM32CubeIDE/plugins/com.st.stm32cube.ide.mcu.externaltools.gnu-tools-for-stm32.13.3.rel1.win32_1.0.0.202411081344/tools/bin/../lib/gcc/arm-none-eabi/13.3.1/../../../../arm-none-eabi/lib/thumb/v7e-m+fp/hard\libc_nano.a(libc_a-memset.o)
                              C:/Users/Usuario/Documents/UTN-Luciano/Cuarto/Digitales 2/STM32CubeIDE/plugins/com.st.stm32cube.ide.mcu.externaltools.gnu-tools-for-stm32.13.3.rel1.win32_1.0.0.202411081344/tools/bin/../lib/gcc/arm-none-eabi/13.3.1/../../../../arm-none-eabi/lib/thumb/v7e-m+fp/hard/crt0.o (memset)
C:/Users/Usuario/Documents/UTN-Luciano/Cuarto/Digitales 2/STM32CubeIDE/plugins/com.st.stm32cube.ide.mcu.externaltools.gnu-tools-for-stm32.13.3.rel1.win32_1.0.0.202411081344/tools/bin/../lib/gcc/arm-none-eabi/13.3.1/../../../../arm-none-eabi/lib/thumb/v7e-m+fp/hard\libc_nano.a(libc_a-closer.o)
                              C:/Users/Usuario/Documents/UTN-Luciano/Cuarto/Digitales 2/STM32CubeIDE/plugins/com.st.stm32cube.ide.mcu.externaltools.gnu-tools-for-stm32.13.3.rel1.win32_1.0.0.202411081344/tools/bin/../lib/gcc/arm-none-eabi/13.3.1/../../../../arm-none-eabi/lib/thumb/v7e-m+fp/hard\libc_nano.a(libc_a-stdio.o) (_close_r)
C:/Users/Usuario/Documents/UTN-Luciano/Cuarto/Digitales 2/STM32CubeIDE/plugins/com.st.stm32cube.ide.mcu.externaltools.gnu-tools-for-stm32.13.3.rel1.win32_1.0.0.202411081344/tools/bin/../lib/gcc/arm-none-eabi/13.3.1/../../../../arm-none-eabi/lib/thumb/v7e-m+fp/hard\libc_nano.a(libc_a-reent.o)
                              C:/Users/Usuario/Documents/UTN-Luciano/Cuarto/Digitales 2/STM32CubeIDE/plugins/com.st.stm32cube.ide.mcu.externaltools.gnu-tools-for-stm32.13.3.rel1.win32_1.0.0.202411081344/tools/bin/../lib/gcc/arm-none-eabi/13.3.1/../../../../arm-none-eabi/lib/thumb/v7e-m+fp/hard\libc_nano.a(libc_a-closer.o) (errno)
C:/Users/Usuario/Documents/UTN-Luciano/Cuarto/Digitales 2/STM32CubeIDE/plugins/com.st.stm32cube.ide.mcu.externaltools.gnu-tools-for-stm32.13.3.rel1.win32_1.0.0.202411081344/tools/bin/../lib/gcc/arm-none-eabi/13.3.1/../../../../arm-none-eabi/lib/thumb/v7e-m+fp/hard\libc_nano.a(libc_a-impure.o)
[...]
Memory Configuration

Name             Origin             Length             Attributes
CCMRAM           0x10000000         0x00010000         xrw
RAM              0x20000000         0x00030000         xrw
FLASH            0x08000000         0x00200000         xr
*default*        0x00000000         0xffffffff

Linker script and memory map

LOAD C:/Users/Usuario/Documents/UTN-Luciano/Cuarto/Digitales 2/STM32CubeIDE/plugins/com.st.stm32cube.ide.mcu.externaltools.gnu-tools-for-stm32.13.3.rel1.win32_1.0.0.202411081344/tools/bin/../lib/gcc/arm-none-eabi/13.3.1/thumb/v7e-m+fp/hard/crti.o
LOAD C:/Users/Usuario/Documents/UTN-Luciano/Cuarto/Digitales 2/STM32CubeIDE/plugins/com.st.stm32cube.ide.mcu.externaltools.gnu-tools-for-stm32.13.3.rel1.win32_1.0.0.202411081344/tools/bin/../lib/gcc/arm-none-eabi/13.3.1/thumb/v7e-m+fp/hard/crtbegin.o
LOAD C:/Users/Usuario/Documents/UTN-Luciano/Cuarto/Digitales 2/STM32CubeIDE/plugins/com.st.stm32cube.ide.mcu.externaltools.gnu-tools-for-stm32.13.3.rel1.win32_1.0.0.202411081344/tools/bin/../lib/gcc/arm-none-eabi/13.3.1/../../../../arm-none-eabi/lib/thumb/v7e-m+fp/hard/crt0.o
LOAD ./Core/Src/main.o
LOAD ./Core/Src/stm32f4xx_hal_msp.o
LOAD ./Core/Src/stm32f4xx_it.o
LOAD ./Core/Src/syscalls.o
LOAD ./Core/Src/sysmem.o
LOAD ./Core/Src/system_stm32f4xx.o
LOAD ./Core/Startup/startup_stm32f429zitx.o
LOAD ./Drivers/API/Src/API_Delay.o
LOAD ./Drivers/API/Src/API_GPIO.o
LOAD ./Drivers/STM32F4xx_HAL_Driver/Src/stm32f4xx_hal.o
LOAD ./Drivers/STM32F4xx_HAL_Driver/Src/stm32f4xx_hal_cortex.o
LOAD ./Drivers/STM32F4xx_HAL_Driver/Src/stm32f4xx_hal_dma.o
LOAD ./Drivers/STM32F4xx_HAL_Driver/Src/stm32f4xx_hal_dma_ex.o
LOAD ./Drivers/STM32F4xx_HAL_Driver/Src/stm32f4xx_hal_eth.o
LOAD ./Drivers/STM32F4xx_HAL_Driver/Src/stm32f4xx_hal_exti.o
LOAD ./Drivers/STM32F4xx_HAL_Driver/Src/stm32f4xx_hal_flash.o
LOAD ./Drivers/STM32F4xx_HAL_Driver/Src/stm32f4xx_hal_flash_ex.o
LOAD ./Drivers/STM32F4xx_HAL_Driver/Src/stm32f4xx_hal_flash_ramfunc.o
LOAD ./Drivers/STM32F4xx_HAL_Driver/Src/stm32f4xx_hal_gpio.o
LOAD ./Drivers/STM32F4xx_HAL_Driver/Src/stm32f4xx_hal_pcd.o
LOAD ./Drivers/STM32F4xx_HAL_Driver/Src/stm32f4xx_hal_pcd_ex.o
LOAD ./Drivers/STM32F4xx_HAL_Driver/Src/stm32f4xx_hal_pwr.o
LOAD ./Drivers/STM32F4xx_HAL_Driver/Src/stm32f4xx_hal_pwr_ex.o
LOAD ./Drivers/STM32F4xx_HAL_Driver/Src/stm32f4xx_hal_rcc.o
LOAD ./Drivers/STM32F4xx_HAL_Driver/Src/stm32f4xx_hal_rcc_ex.o
LOAD ./Drivers/STM32F4xx_HAL_Driver/Src/stm32f4xx_hal_uart.o
LOAD ./Drivers/STM32F4xx_HAL_Driver/Src/stm32f4xx_ll_usb.o
START GROUP
LOAD C:/Users/Usuario/Documents/UTN-Luciano/Cuarto/Digitales 2/STM32CubeIDE/plugins/com.st.stm32cube.ide.mcu.externaltools.gnu-tools-for-stm32.13.3.rel1.win32_1.0.0.202411081344/tools/bin/../lib/gcc/arm-none-eabi/13.3.1/../../../../arm-none-eabi/lib/thumb/v7e-m+fp/hard\libc_nano.a
LOAD C:/Users/Usuario/Documents/UTN-Luciano/Cuarto/Digitales 2/STM32CubeIDE/plugins/com.st.stm32cube.ide.mcu.externaltools.gnu-tools-for-stm32.13.3.rel1.win32_1.0.0.202411081344/tools/bin/../lib/gcc/arm-none-eabi/13.3.1/../../../../arm-none-eabi/lib/thumb/v7e-m+fp/hard\libm.a
END GROUP
START GROUP
LOAD C:/Users/Usuario/Documents/UTN-Luciano/Cuarto/Digitales 2/STM32CubeIDE/plugins/com.st.stm32cube.ide.mcu.externaltools.gnu-tools-for-stm32.13.3.rel1.win32_1.0.0.202411081344/tools/bin/../lib/gcc/arm-none-eabi/13.3.1/thumb/v7e-m+fp/hard\libgcc.a
LOAD C:/Users/Usuario/Documents/UTN-Luciano/Cuarto/Digitales 2/STM32CubeIDE/plugins/com.st.stm32cube.ide.mcu.externaltools.gnu-tools-for-stm32.13.3.rel1.win32_1.0.0.202411081344/tools/bin/../lib/gcc/arm-none-eabi/13.3.1/../../../../arm-none-eabi/lib/thumb/v7e-m+fp/hard\libc_nano.a
END GROUP
START GROUP
LOAD C:/Users/Usuario/Documents/UTN-Luciano/Cuarto/Digitales 2/STM32CubeIDE/plugins/com.st.stm32cube.ide.mcu.externaltools.gnu-tools-for-stm32.13.3.rel1.win32_1.0.0.202411081344/tools/bin/../lib/gcc/arm-none-eabi/13.3.1/thumb/v7e-m+fp/hard\libgcc.a
LOAD C:/Users/Usuario/Documents/UTN-Luciano/Cuarto/Digitales 2/STM32CubeIDE/plugins/com.st.stm32cube.ide.mcu.externaltools.gnu-tools-for-stm32.13.3.rel1.win32_1.0.0.202411081344/tools/bin/../lib/gcc/arm-none-eabi/13.3.1/../../../../arm-none-eabi/lib/thumb/v7e-m+fp/hard\libc_nano.a
LOAD C:/Users/Usuario/Documents/UTN-Luciano/Cuarto/Digitales 2/STM32CubeIDE/plugins/com.st.stm32cube.ide.mcu.externaltools.gnu-tools-for-stm32.13.3.rel1.win32_1.0.0.202411081344/tools/bin/../lib/gcc/arm-none-eabi/13.3.1/../../../../arm-none-eabi/lib/thumb/v7e-m+fp/hard\libnosys.a
END GROUP
START GROUP
LOAD C:/Users/Usuario/Documents/UTN-Luciano/Cuarto/Digitales 2/STM32CubeIDE/plugins/com.st.stm32cube.ide.mcu.externaltools.gnu-tools-for-stm32.13.3.rel1.win32_1.0.0.202411081344/tools/bin/../lib/gcc/arm-none-eabi/13.3.1/thumb/v7e-m+fp/hard\libgcc.a
LOAD C:/Users/Usuario/Documents/UTN-Luciano/Cuarto/Digitales 2/STM32CubeIDE/plugins/com.st.stm32cube.ide.mcu.externaltools.gnu-tools-for-stm32.13.3.rel1.win32_1.0.0.202411081344/tools/bin/../lib/gcc/arm-none-eabi/13.3.1/../../../../arm-none-eabi/lib/thumb/v7e-m+fp/hard\libc_nano.a
LOAD C:/Users/Usuario/Documents/UTN-Luciano/Cuarto/Digitales 2/STM32CubeIDE/plugins/com.st.stm32cube.ide.mcu.externaltools.gnu-tools-for-stm32.13.3.rel1.win32_1.0.0.202411081344/tools/bin/../lib/gcc/arm-none-eabi/13.3.1/../../../../arm-none-eabi/lib/thumb/v7e-m+fp/hard\libnosys.a
END GROUP
LOAD C:/Users/Usuario/Documents/UTN-Luciano/Cuarto/Digitales 2/STM32CubeIDE/plugins/com.st.stm32cube.ide.mcu.externaltools.gnu-tools-for-stm32.13.3.rel1.win32_1.0.0.202411081344/tools/bin/../lib/gcc/arm-none-eabi/13.3.1/thumb/v7e-m+fp/hard/crtend.o
LOAD C:/Users/Usuario/Documents/UTN-Luciano/Cuarto/Digitales 2/STM32CubeIDE/plugins/com.st.stm32cube.ide.mcu.externaltools.gnu-tools-for-stm32.13.3.rel1.win32_1.0.0.202411081344/tools/bin/../lib/gcc/arm-none-eabi/13.3.1/thumb/v7e-m+fp/hard/crtn.o
                0x20030000                        _estack = (ORIGIN (RAM) + LENGTH (RAM))
                0x00000200                        _Min_Heap_Size = 0x200
                0x00000400                        _Min_Stack_Size = 0x400

.isr_vector     0x08000000      0x1ac
                0x08000000                        . = ALIGN (0x4)
 *(.isr_vector)
 .isr_vector    0x08000000      0x1ac ./Core/Startup/startup_stm32f429zitx.o
                0x08000000                g_pfnVectors
                0x080001ac                        . = ALIGN (0x4)

.text           0x080001ac     0x3478
                0x080001ac                        . = ALIGN (0x4)
 *(.text)
 .text          0x080001ac       0x40 C:/Users/Usuario/Documents/UTN-Luciano/Cuarto/Digitales 2/STM32CubeIDE/plugins/com.st.stm32cube.ide.mcu.externaltools.gnu-tools-for-stm32.13.3.rel1.win32_1.0.0.202411081344/tools/bin/../lib/gcc/arm-none-eabi/13.3.1/thumb/v7e-m+fp/hard/crtbegin.o
 .text          0x080001ec       0x30 C:/Users/Usuario/Documents/UTN-Luciano/Cuarto/Digitales 2/STM32CubeIDE/plugins/com.st.stm32cube.ide.mcu.externaltools.gnu-tools-for-stm32.13.3.rel1.win32_1.0.0.202411081344/tools/bin/../lib/gcc/arm-none-eabi/13.3.1/thumb/v7e-m+fp/hard\libgcc.a(_aeabi_uldivmod.o)
                0x080001ec                __aeabi_uldivmod
 .text          0x0800021c      0x2f8 C:/Users/Usuario/Documents/UTN-Luciano/Cuarto/Digitales 2/STM32CubeIDE/plugins/com.st.stm32cube.ide.mcu.externaltools.gnu-tools-for-stm32.13.3.rel1.win32_1.0.0.202411081344/tools/bin/../lib/gcc/arm-none-eabi/13.3.1/thumb/v7e-m+fp/hard\libgcc.a(_udivmoddi4.o)
                0x0800021c                __udivmoddi4
 .text          0x08000514        0x4 C:/Users/Usuario/Documents/UTN-Luciano/Cuarto/Digitales 2/STM32CubeIDE/plugins/com.st.stm32cube.ide.mcu.externaltools.gnu-tools-for-stm32.13.3.rel1.win32_1.0.0.202411081344/tools/bin/../lib/gcc/arm-none-eabi/13.3.1/thumb/v7e-m+fp/hard\libgcc.a(_dvmd_tls.o)
                0x08000514                __aeabi_idiv0
                0x08000514                __aeabi_ldiv0
 *(.text*)
 .text.main     0x08000518      0x3bc ./Core/Src/main.o
                0x08000518                main
 .text.SystemClock_Config
                0x080008d4       0xd4 ./Core/Src/main.o
                0x080008d4                SystemClock_Config
 .text.MX_ETH_Init
                0x080009a8       0x9c ./Core/Src/main.o
 .text.MX_USART3_UART_Init
                0x08000a44       0x54 ./Core/Src/main.o
 .text.MX_USB_OTG_FS_PCD_Init
                0x08000a98       0x5c ./Core/Src/main.o
 .text.Error_Handler
                0x08000af4        0xc ./Core/Src/main.o
                0x08000af4                Error_Handler
 .text.HAL_MspInit
                0x08000b00       0x50 ./Core/Src/stm32f4xx_hal_msp.o
                0x08000b00                HAL_MspInit
 .text.HAL_ETH_MspInit
                0x08000b50      0x18c ./Core/Src/stm32f4xx_hal_msp.o
                0x08000b50                HAL_ETH_MspInit
 .text.HAL_UART_MspInit
                0x08000cdc       0x90 ./Core/Src/stm32f4xx_hal_msp.o
                0x08000cdc                HAL_UART_MspInit
 .text.HAL_PCD_MspInit
                0x08000d6c       0xb4 ./Core/Src/stm32f4xx_hal_msp.o
                0x08000d6c                HAL_PCD_MspInit
 .text.NMI_Handler
                0x08000e20        0x8 ./Core/Src/stm32f4xx_it.o
                0x08000e20                NMI_Handler
 .text.HardFault_Handler
                0x08000e28        0x8 ./Core/Src/stm32f4xx_it.o
                0x08000e28                HardFault_Handler
 .text.MemManage_Handler
                0x08000e30        0x8 ./Core/Src/stm32f4xx_it.o
                0x08000e30                MemManage_Handler
 .text.BusFault_Handler
                0x08000e38        0x8 ./Core/Src/stm32f4xx_it.o
                0x08000e38                BusFault_Handler
 .text.UsageFault_Handler
                0x08000e40        0x8 ./Core/Src/stm32f4xx_it.o
                0x08000e40                UsageFault_Handler
 .text.SVC_Handler
                0x08000e48        0xe ./Core/Src/stm32f4xx_it.o
                0x08000e48                SVC_Handler
 .text.DebugMon_Handler
                0x08000e56        0xe ./Core/Src/stm32f4xx_it.o
                0x08000e56                DebugMon_Handler
 .text.PendSV_Handler
                0x08000e64        0xe ./Core/Src/stm32f4xx_it.o
                0x08000e64                PendSV_Handler
 .text.SysTick_Handler
                0x08000e72        0xc ./Core/Src/stm32f4xx_it.o
                0x08000e72                SysTick_Handler
 *fill*         0x08000e7e        0x2 
 .text.SystemInit
                0x08000e80       0x24 ./Core/Src/system_stm32f4xx.o
                0x08000e80                SystemInit
 .text.Reset_Handler
                0x08000ea4       0x50 ./Core/Startup/startup_stm32f429zitx.o
                0x08000ea4                Reset_Handler
 .text.Default_Handler
                0x08000ef4        0x2 ./Core/Startup/startup_stm32f429zitx.o
                0x08000ef4                RTC_Alarm_IRQHandler
                0x08000ef4                HASH_RNG_IRQHandler
                0x08000ef4                EXTI2_IRQHandler
                0x08000ef4                TIM8_CC_IRQHandler
                0x08000ef4                UART8_IRQHandler
                0x08000ef4                SPI4_IRQHandler
                0x08000ef4                TIM1_CC_IRQHandler
                0x08000ef4                DMA2_Stream5_IRQHandler
                0x08000ef4                DMA1_Stream5_IRQHandler
                0x08000ef4                PVD_IRQHandler
                0x08000ef4                SDIO_IRQHandler
                0x08000ef4                TAMP_STAMP_IRQHandler
                0x08000ef4                CAN2_RX1_IRQHandler
                0x08000ef4                EXTI3_IRQHandler
                0x08000ef4                TIM8_TRG_COM_TIM14_IRQHandler
                0x08000ef4                TIM1_UP_TIM10_IRQHandler
                0x08000ef4                TIM8_UP_TIM13_IRQHandler
                0x08000ef4                I2C3_ER_IRQHandler
                0x08000ef4                EXTI0_IRQHandler
                0x08000ef4                I2C2_EV_IRQHandler
                0x08000ef4                DMA1_Stream2_IRQHandler
                0x08000ef4                CAN1_RX0_IRQHandler
                0x08000ef4                FPU_IRQHandler
                0x08000ef4                OTG_HS_WKUP_IRQHandler
                0x08000ef4                LTDC_ER_IRQHandler
                0x08000ef4                CAN2_SCE_IRQHandler
                0x08000ef4                DMA2_Stream2_IRQHandler
                0x08000ef4                SPI1_IRQHandler
                0x08000ef4                TIM6_DAC_IRQHandler
                0x08000ef4                TIM1_BRK_TIM9_IRQHandler
                0x08000ef4                DCMI_IRQHandler
                0x08000ef4                CAN2_RX0_IRQHandler
                0x08000ef4                DMA2_Stream3_IRQHandler
                0x08000ef4                USART6_IRQHandler
                0x08000ef4                USART3_IRQHandler
                0x08000ef4                CAN1_RX1_IRQHandler
                0x08000ef4                UART5_IRQHandler
                0x08000ef4                DMA2_Stream0_IRQHandler
                0x08000ef4                TIM4_IRQHandler
                0x08000ef4                I2C1_EV_IRQHandler
                0x08000ef4                DMA1_Stream6_IRQHandler
                0x08000ef4                DMA1_Stream1_IRQHandler
                0x08000ef4                UART4_IRQHandler
                0x08000ef4                TIM3_IRQHandler
                0x08000ef4                RCC_IRQHandler
                0x08000ef4                TIM8_BRK_TIM12_IRQHandler
                0x08000ef4                Default_Handler
                0x08000ef4                EXTI15_10_IRQHandler
                0x08000ef4                ADC_IRQHandler
                0x08000ef4                DMA1_Stream7_IRQHandler
                0x08000ef4                SPI5_IRQHandler
                0x08000ef4                TIM7_IRQHandler
                0x08000ef4                CAN2_TX_IRQHandler
                0x08000ef4                TIM5_IRQHandler
                0x08000ef4                DMA2_Stream7_IRQHandler
                0x08000ef4                I2C3_EV_IRQHandler
                0x08000ef4                EXTI9_5_IRQHandler
                0x08000ef4                RTC_WKUP_IRQHandler
                0x08000ef4                LTDC_IRQHandler
                0x08000ef4                ETH_WKUP_IRQHandler
                0x08000ef4                SPI2_IRQHandler
                0x08000ef4                OTG_HS_EP1_IN_IRQHandler
                0x08000ef4                DMA1_Stream0_IRQHandler
                0x08000ef4                CAN1_TX_IRQHandler
                0x08000ef4                EXTI4_IRQHandler
                0x08000ef4                ETH_IRQHandler
                0x08000ef4                OTG_HS_EP1_OUT_IRQHandler
                0x08000ef4                WWDG_IRQHandler
                0x08000ef4                SPI6_IRQHandler
                0x08000ef4                TIM2_IRQHandler
                0x08000ef4                OTG_FS_WKUP_IRQHandler
                0x08000ef4                TIM1_TRG_COM_TIM11_IRQHandler
                0x08000ef4                OTG_HS_IRQHandler
                0x08000ef4                DMA2D_IRQHandler
                0x08000ef4                EXTI1_IRQHandler
                0x08000ef4                UART7_IRQHandler
                0x08000ef4                USART2_IRQHandler
                0x08000ef4                I2C2_ER_IRQHandler
                0x08000ef4                DMA2_Stream1_IRQHandler
                0x08000ef4                CAN1_SCE_IRQHandler
                0x08000ef4                FLASH_IRQHandler
                0x08000ef4                DMA2_Stream4_IRQHandler
                0x08000ef4                USART1_IRQHandler
                0x08000ef4                OTG_FS_IRQHandler
                0x08000ef4                SPI3_IRQHandler
                0x08000ef4                DMA1_Stream4_IRQHandler
                0x08000ef4                I2C1_ER_IRQHandler
                0x08000ef4                FMC_IRQHandler
                0x08000ef4                DMA2_Stream6_IRQHandler
                0x08000ef4                SAI1_IRQHandler
                0x08000ef4                DMA1_Stream3_IRQHandler
 .text.delayInit
                0x08000ef6       0x22 ./Drivers/API/Src/API_Delay.o
                0x08000ef6                delayInit
 .text.delayRead
                0x08000f18       0x52 ./Drivers/API/Src/API_Delay.o
                0x08000f18                delayRead
 *fill*         0x08000f6a        0x2 
 .text.MX_GPIO_Init
                0x08000f6c      0x15c ./Drivers/API/Src/API_GPIO.o
                0x08000f6c                MX_GPIO_Init
 .text.writeLedOn_GPIO
                0x080010c8       0x20 ./Drivers/API/Src/API_GPIO.o
                0x080010c8                writeLedOn_GPIO
 .text.writeLedOff_GPIO
                0x080010e8       0x20 ./Drivers/API/Src/API_GPIO.o
                0x080010e8                writeLedOff_GPIO
 .text.toggleLed_GPIO
                0x08001108       0x20 ./Drivers/API/Src/API_GPIO.o
                0x08001108                toggleLed_GPIO
 .text.readButton_GPIO
                0x08001128       0x24 ./Drivers/API/Src/API_GPIO.o
                0x08001128                readButton_GPIO
 .text.HAL_Init
                0x0800114c       0x44 ./Drivers/STM32F4xx_HAL_Driver/Src/stm32f4xx_hal.o
                0x0800114c                HAL_Init
 .text.HAL_InitTick
                0x08001190       0x60 ./Drivers/STM32F4xx_HAL_Driver/Src/stm32f4xx_hal.o
                0x08001190                HAL_InitTick
 .text.HAL_IncTick
                0x080011f0       0x28 ./Drivers/STM32F4xx_HAL_Driver/Src/stm32f4xx_hal.o
                0x080011f0                HAL_IncTick
 .text.HAL_GetTick
                0x08001218       0x18 ./Drivers/STM32F4xx_HAL_Driver/Src/stm32f4xx_hal.o
                0x08001218                HAL_GetTick
 .text.HAL_Delay
                0x08001230       0x48 ./Drivers/STM32F4xx_HAL_Driver/Src/stm32f4xx_hal.o
                0x08001230                HAL_Delay
 .text.__NVIC_SetPriorityGrouping
                0x08001278       0x48 ./Drivers/STM32F4xx_HAL_Driver/Src/stm32f4xx_hal_cortex.o
 .text.__NVIC_GetPriorityGrouping
                0x080012c0       0x1c ./Drivers/STM32F4xx_HAL_Driver/Src/stm32f4xx_hal_cortex.o
 .text.__NVIC_SetPriority
                0x080012dc       0x54 ./Drivers/STM32F4xx_HAL_Driver/Src/stm32f4xx_hal_cortex.o
 .text.NVIC_EncodePriority
                0x08001330       0x66 ./Drivers/STM32F4xx_HAL_Driver/Src/stm32f4xx_hal_cortex.o
 *fill*         0x08001396        0x2 
 .text.SysTick_Config
                0x08001398       0x44 ./Drivers/STM32F4xx_HAL_Driver/Src/stm32f4xx_hal_cortex.o
 .text.HAL_NVIC_SetPriorityGrouping
                0x080013dc       0x16 ./Drivers/STM32F4xx_HAL_Driver/Src/stm32f4xx_hal_cortex.o
                0x080013dc                HAL_NVIC_SetPriorityGrouping
 .text.HAL_NVIC_SetPriority
                0x080013f2       0x38 ./Drivers/STM32F4xx_HAL_Driver/Src/stm32f4xx_hal_cortex.o
                0x080013f2                HAL_NVIC_SetPriority
 .text.HAL_SYSTICK_Config
                0x0800142a       0x18 ./Drivers/STM32F4xx_HAL_Driver/Src/stm32f4xx_hal_cortex.o
                0x0800142a                HAL_SYSTICK_Config
 *fill*         0x08001442        0x2 
 .text.HAL_ETH_Init
                0x08001444      0x138 ./Drivers/STM32F4xx_HAL_Driver/Src/stm32f4xx_hal_eth.o
                0x08001444                HAL_ETH_Init
 .text.ETH_SetMACConfig
                0x0800157c      0x168 ./Drivers/STM32F4xx_HAL_Driver/Src/stm32f4xx_hal_eth.o
 .text.ETH_SetDMAConfig
                0x080016e4      0x114 ./Drivers/STM32F4xx_HAL_Driver/Src/stm32f4xx_hal_eth.o
 .text.ETH_MACDMAConfig
                0x080017f8       0xea ./Drivers/STM32F4xx_HAL_Driver/Src/stm32f4xx_hal_eth.o
 *fill*         0x080018e2        0x2 
 .text.ETH_MACAddressConfig
                0x080018e4       0x70 ./Drivers/STM32F4xx_HAL_Driver/Src/stm32f4xx_hal_eth.o
 .text.ETH_DMATxDescListInit
                0x08001954       0xb2 ./Drivers/STM32F4xx_HAL_Driver/Src/stm32f4xx_hal_eth.o
 .text.ETH_DMARxDescListInit
                0x08001a06       0xde ./Drivers/STM32F4xx_HAL_Driver/Src/stm32f4xx_hal_eth.o
 .text.HAL_GPIO_Init
                0x08001ae4      0x358 ./Drivers/STM32F4xx_HAL_Driver/Src/stm32f4xx_hal_gpio.o
                0x08001ae4                HAL_GPIO_Init
 .text.HAL_GPIO_ReadPin
                0x08001e3c       0x30 ./Drivers/STM32F4xx_HAL_Driver/Src/stm32f4xx_hal_gpio.o
                0x08001e3c                HAL_GPIO_ReadPin
 .text.HAL_GPIO_WritePin
                0x08001e6c       0x32 ./Drivers/STM32F4xx_HAL_Driver/Src/stm32f4xx_hal_gpio.o
                0x08001e6c                HAL_GPIO_WritePin
 .text.HAL_GPIO_TogglePin
                0x08001e9e       0x34 ./Drivers/STM32F4xx_HAL_Driver/Src/stm32f4xx_hal_gpio.o
                0x08001e9e                HAL_GPIO_TogglePin
 .text.HAL_PCD_Init
                0x08001ed2      0x21e ./Drivers/STM32F4xx_HAL_Driver/Src/stm32f4xx_hal_pcd.o
                0x08001ed2                HAL_PCD_Init
 .text.HAL_RCC_OscConfig
                0x080020f0      0x4f0 ./Drivers/STM32F4xx_HAL_Driver/Src/stm32f4xx_hal_rcc.o
                0x080020f0                HAL_RCC_OscConfig
 .text.HAL_RCC_ClockConfig
                0x080025e0      0x1cc ./Drivers/STM32F4xx_HAL_Driver/Src/stm32f4xx_hal_rcc.o
                0x080025e0                HAL_RCC_ClockConfig
 .text.HAL_RCC_GetSysClockFreq
                0x080027ac      0x20c ./Drivers/STM32F4xx_HAL_Driver/Src/stm32f4xx_hal_rcc.o
                0x080027ac                HAL_RCC_GetSysClockFreq
 .text.HAL_RCC_GetHCLKFreq
                0x080029b8       0x18 ./Drivers/STM32F4xx_HAL_Driver/Src/stm32f4xx_hal_rcc.o
                0x080029b8                HAL_RCC_GetHCLKFreq
 .text.HAL_RCC_GetPCLK1Freq
                0x080029d0       0x28 ./Drivers/STM32F4xx_HAL_Driver/Src/stm32f4xx_hal_rcc.o
                0x080029d0                HAL_RCC_GetPCLK1Freq
 .text.HAL_RCC_GetPCLK2Freq
                0x080029f8       0x28 ./Drivers/STM32F4xx_HAL_Driver/Src/stm32f4xx_hal_rcc.o
                0x080029f8                HAL_RCC_GetPCLK2Freq
 .text.HAL_UART_Init
                0x08002a20       0xa0 ./Drivers/STM32F4xx_HAL_Driver/Src/stm32f4xx_hal_uart.o
                0x08002a20                HAL_UART_Init
 .text.UART_SetConfig
                0x08002ac0      0x4e8 ./Drivers/STM32F4xx_HAL_Driver/Src/stm32f4xx_hal_uart.o
 .text.USB_CoreInit
                0x08002fa8       0xc8 ./Drivers/STM32F4xx_HAL_Driver/Src/stm32f4xx_ll_usb.o
                0x08002fa8                USB_CoreInit
 .text.USB_DisableGlobalInt
                0x08003070       0x22 ./Drivers/STM32F4xx_HAL_Driver/Src/stm32f4xx_ll_usb.o
                0x08003070                USB_DisableGlobalInt
 .text.USB_SetCurrentMode
                0x08003092       0x98 ./Drivers/STM32F4xx_HAL_Driver/Src/stm32f4xx_ll_usb.o
                0x08003092                USB_SetCurrentMode
 *fill*         0x0800312a        0x2 
 .text.USB_DevInit
                0x0800312c      0x2c8 ./Drivers/STM32F4xx_HAL_Driver/Src/stm32f4xx_ll_usb.o
                0x0800312c                USB_DevInit
 .text.USB_FlushTxFifo
                0x080033f4       0x64 ./Drivers/STM32F4xx_HAL_Driver/Src/stm32f4xx_ll_usb.o
                0x080033f4                USB_FlushTxFifo
 .text.USB_FlushRxFifo
                0x08003458       0x5c ./Drivers/STM32F4xx_HAL_Driver/Src/stm32f4xx_ll_usb.o
                0x08003458                USB_FlushRxFifo
 .text.USB_SetDevSpeed
                0x080034b4       0x32 ./Drivers/STM32F4xx_HAL_Driver/Src/stm32f4xx_ll_usb.o
                0x080034b4                USB_SetDevSpeed
 .text.USB_DevDisconnect
                0x080034e6       0x42 ./Drivers/STM32F4xx_HAL_Driver/Src/stm32f4xx_ll_usb.o
                0x080034e6                USB_DevDisconnect
 .text.USB_GetMode
                0x08003528       0x1c ./Drivers/STM32F4xx_HAL_Driver/Src/stm32f4xx_ll_usb.o
                0x08003528                USB_GetMode
 .text.USB_CoreReset
                0x08003544       0x70 ./Drivers/STM32F4xx_HAL_Driver/Src/stm32f4xx_ll_usb.o
 .text.memset   0x080035b4       0x10 C:/Users/Usuario/Documents/UTN-Luciano/Cuarto/Digitales 2/STM32CubeIDE/plugins/com.st.stm32cube.ide.mcu.externaltools.gnu-tools-for-stm32.13.3.rel1.win32_1.0.0.202411081344/tools/bin/../lib/gcc/arm-none-eabi/13.3.1/../../../../arm-none-eabi/lib/thumb/v7e-m+fp/hard\libc_nano.a(libc_a-memset.o)
                0x080035b4                memset
 .text.__libc_init_array
                0x080035c4       0x48 C:/Users/Usuario/Documents/UTN-Luciano/Cuarto/Digitales 2/STM32CubeIDE/plugins/com.st.stm32cube.ide.mcu.externaltools.gnu-tools-for-stm32.13.3.rel1.win32_1.0.0.202411081344/tools/bin/../lib/gcc/arm-none-eabi/13.3.1/../../../../arm-none-eabi/lib/thumb/v7e-m+fp/hard\libc_nano.a(libc_a-init.o)
                0x080035c4                __libc_init_array
 *(.glue_7)
 .glue_7        0x0800360c        0x0 linker stubs
 *(.glue_7t)
 .glue_7t       0x0800360c        0x0 linker stubs
 *(.eh_frame)
 .eh_frame      0x0800360c        0x0 C:/Users/Usuario/Documents/UTN-Luciano/Cuarto/Digitales 2/STM32CubeIDE/plugins/com.st.stm32cube.ide.mcu.externaltools.gnu-tools-for-stm32.13.3.rel1.win32_1.0.0.202411081344/tools/bin/../lib/gcc/arm-none-eabi/13.3.1/thumb/v7e-m+fp/hard/crtbegin.o
 *(.init)
 .init          0x0800360c        0x4 C:/Users/Usuario/Documents/UTN-Luciano/Cuarto/Digitales 2/STM32CubeIDE/plugins/com.st.stm32cube.ide.mcu.externaltools.gnu-tools-for-stm32.13.3.rel1.win32_1.0.0.202411081344/tools/bin/../lib/gcc/arm-none-eabi/13.3.1/thumb/v7e-m+fp/hard/crti.o
                0x0800360c                _init
 .init          0x08003610        0x8 C:/Users/Usuario/Documents/UTN-Luciano/Cuarto/Digitales 2/STM32CubeIDE/plugins/com.st.stm32cube.ide.mcu.externaltools.gnu-tools-for-stm32.13.3.rel1.win32_1.0.0.202411081344/tools/bin/../lib/gcc/arm-none-eabi/13.3.1/thumb/v7e-m+fp/hard/crtn.o
 *(.fini)
 .fini          0x08003618        0x4 C:/Users/Usuario/Documents/UTN-Luciano/Cuarto/Digitales 2/STM32CubeIDE/plugins/com.st.stm32cube.ide.mcu.externaltools.gnu-tools-for-stm32.13.3.rel1.win32_1.0.0.202411081344/tools/bin/../lib/gcc/arm-none-eabi/13.3.1/thumb/v7e-m+fp/hard/crti.o
                0x08003618                _fini
 .fini          0x0800361c        0x8 C:/Users/Usuario/Documents/UTN-Luciano/Cuarto/Digitales 2/STM32CubeIDE/plugins/com.st.stm32cube.ide.mcu.externaltools.gnu-tools-for-stm32.13.3.rel1.win32_1.0.0.202411081344/tools/bin/../lib/gcc/arm-none-eabi/13.3.1/thumb/v7e-m+fp/hard/crtn.o
                0x08003624                        . = ALIGN (0x4)
                0x08003624                        _etext = .

.vfp11_veneer   0x08003624        0x0
 .vfp11_veneer  0x08003624        0x0 linker stubs

.v4_bx          0x08003624        0x0
 .v4_bx         0x08003624        0x0 linker stubs

.iplt           0x08003624        0x0
 .iplt          0x08003624        0x0 C:/Users/Usuario/Documents/UTN-Luciano/Cuarto/Digitales 2/STM32CubeIDE/plugins/com.st.stm32cube.ide.mcu.externaltools.gnu-tools-for-stm32.13.3.rel1.win32_1.0.0.202411081344/tools/bin/../lib/gcc/arm-none-eabi/13.3.1/thumb/v7e-m+fp/hard/crtbegin.o

.rodata         0x08003624       0x30
                0x08003624                        . = ALIGN (0x4)
 *(.rodata)
 .rodata        0x08003624       0x18 ./Core/Src/main.o
 *(.rodata*)
 .rodata.AHBPrescTable
                0x0800363c       0x10 ./Core/Src/system_stm32f4xx.o
                0x0800363c                AHBPrescTable
 .rodata.APBPrescTable
                0x0800364c        0x8 ./Core/Src/system_stm32f4xx.o
                0x0800364c                APBPrescTable
                0x08003654                        . = ALIGN (0x4)

.ARM.extab      0x08003654        0x0
                0x08003654                        . = ALIGN (0x4)
 *(.ARM.extab* .gnu.linkonce.armextab.*)
                0x08003654                        . = ALIGN (0x4)

.ARM            0x08003654        0x8
                0x08003654                        . = ALIGN (0x4)
                0x08003654                        __exidx_start = .
 *(.ARM.exidx*)
 .ARM.exidx     0x08003654        0x8 C:/Users/Usuario/Documents/UTN-Luciano/Cuarto/Digitales 2/STM32CubeIDE/plugins/com.st.stm32cube.ide.mcu.externaltools.gnu-tools-for-stm32.13.3.rel1.win32_1.0.0.202411081344/tools/bin/../lib/gcc/arm-none-eabi/13.3.1/thumb/v7e-m+fp/hard\libgcc.a(_udivmoddi4.o)
                0x0800365c                        __exidx_end = .
                0x0800365c                        . = ALIGN (0x4)

.preinit_array  0x0800365c        0x0
                0x0800365c                        . = ALIGN (0x4)
                0x0800365c                        PROVIDE (__preinit_array_start = .)
 *(.preinit_array*)
                0x0800365c                        PROVIDE (__preinit_array_end = .)
                0x0800365c                        . = ALIGN (0x4)

.init_array     0x0800365c        0x4
                0x0800365c                        . = ALIGN (0x4)
                0x0800365c                        PROVIDE (__init_array_start = .)
 *(SORT_BY_NAME(.init_array.*))
 *(.init_array*)
 .init_array    0x0800365c        0x4 C:/Users/Usuario/Documents/UTN-Luciano/Cuarto/Digitales 2/STM32CubeIDE/plugins/com.st.stm32cube.ide.mcu.externaltools.gnu-tools-for-stm32.13.3.rel1.win32_1.0.0.202411081344/tools/bin/../lib/gcc/arm-none-eabi/13.3.1/thumb/v7e-m+fp/hard/crtbegin.o
                0x08003660                        PROVIDE (__init_array_end = .)
                0x08003660                        . = ALIGN (0x4)

.fini_array     0x08003660        0x4
                0x08003660                        . = ALIGN (0x4)
                [!provide]                        PROVIDE (__fini_array_start = .)
 *(SORT_BY_NAME(.fini_array.*))
 *(.fini_array*)
 .fini_array    0x08003660        0x4 C:/Users/Usuario/Documents/UTN-Luciano/Cuarto/Digitales 2/STM32CubeIDE/plugins/com.st.stm32cube.ide.mcu.externaltools.gnu-tools-for-stm32.13.3.rel1.win32_1.0.0.202411081344/tools/bin/../lib/gcc/arm-none-eabi/13.3.1/thumb/v7e-m+fp/hard/crtbegin.o
                [!provide]                        PROVIDE (__fini_array_end = .)
                0x08003664                        . = ALIGN (0x4)
                0x08003664                        _sidata = LOADADDR (.data)

.rel.dyn        0x08003664        0x0
 .rel.iplt      0x08003664        0x0 C:/Users/Usuario/Documents/UTN-Luciano/Cuarto/Digitales 2/STM32CubeIDE/plugins/com.st.stm32cube.ide.mcu.externaltools.gnu-tools-for-stm32.13.3.rel1.win32_1.0.0.202411081344/tools/bin/../lib/gcc/arm-none-eabi/13.3.1/thumb/v7e-m+fp/hard/crtbegin.o

.data           0x20000000       0x28 load address 0x08003664
                0x20000000                        . = ALIGN (0x4)
                0x20000000                        _sdata = .
 *(.data)
 *(.data*)
 .data.leds     0x20000000       0x18 ./Core/Src/main.o
                0x20000000                leds
 .data.secuencia
                0x20000018        0x4 ./Core/Src/main.o
                0x20000018                secuencia
 .data.SystemCoreClock
                0x2000001c        0x4 ./Core/Src/system_stm32f4xx.o
                0x2000001c                SystemCoreClock
 .data.uwTickPrio
                0x20000020        0x4 ./Drivers/STM32F4xx_HAL_Driver/Src/stm32f4xx_hal.o
                0x20000020                uwTickPrio
 .data.uwTickFreq
                0x20000024        0x1 ./Drivers/STM32F4xx_HAL_Driver/Src/stm32f4xx_hal.o
                0x20000024                uwTickFreq
 *(.RamFunc)
 *(.RamFunc*)
                0x20000028                        . = ALIGN (0x4)
 *fill*         0x20000025        0x3 
                0x20000028                        _edata = .
                0x0800368c                        _siccmram = LOADADDR (.ccmram)

.igot.plt       0x20000028        0x0 load address 0x0800368c
 .igot.plt      0x20000028        0x0 C:/Users/Usuario/Documents/UTN-Luciano/Cuarto/Digitales 2/STM32CubeIDE/plugins/com.st.stm32cube.ide.mcu.externaltools.gnu-tools-for-stm32.13.3.rel1.win32_1.0.0.202411081344/tools/bin/../lib/gcc/arm-none-eabi/13.3.1/thumb/v7e-m+fp/hard/crtbegin.o

.ccmram         0x10000000        0x0 load address 0x0800368c
                0x10000000                        . = ALIGN (0x4)
                0x10000000                        _sccmram = .
 *(.ccmram)
 *(.ccmram*)
                0x10000000                        . = ALIGN (0x4)
                0x10000000                        _eccmram = .
                0x10000000                        . = ALIGN (0x4)

.bss            0x20000028      0x7b8
                0x20000028                        _sbss = .
                0x20000028                        __bss_start__ = _sbss
 *(.bss)
 .bss           0x20000028       0x1c C:/Users/Usuario/Documents/UTN-Luciano/Cuarto/Digitales 2/STM32CubeIDE/plugins/com.st.stm32cube.ide.mcu.externaltools.gnu-tools-for-stm32.13.3.rel1.win32_1.0.0.202411081344/tools/bin/../lib/gcc/arm-none-eabi/13.3.1/thumb/v7e-m+fp/hard/crtbegin.o
 *(.bss*)
 .bss.TxConfig  0x20000044       0x38 ./Core/Src/main.o
                0x20000044                TxConfig
 .bss.DMARxDscrTab
                0x2000007c       0xa0 ./Core/Src/main.o
                0x2000007c                DMARxDscrTab
 .bss.DMATxDscrTab
                0x2000011c       0xa0 ./Core/Src/main.o
                0x2000011c                DMATxDscrTab
 .bss.heth      0x200001bc       0xb0 ./Core/Src/main.o
                0x200001bc                heth
 .bss.huart3    0x2000026c       0x48 ./Core/Src/main.o
                0x2000026c                huart3
 .bss.hpcd_USB_OTG_FS
                0x200002b4      0x4e4 ./Core/Src/main.o
                0x200002b4                hpcd_USB_OTG_FS
 .bss.delayGeneral
                0x20000798        0xc ./Core/Src/main.o
                0x20000798                delayGeneral
 .bss.delayLed1
                0x200007a4        0xc ./Core/Src/main.o
                0x200007a4                delayLed1
 .bss.delayLed2
                0x200007b0        0xc ./Core/Src/main.o
                0x200007b0                delayLed2
 .bss.delayLed3
                0x200007bc        0xc ./Core/Src/main.o
                0x200007bc                delayLed3
 .bss.estadoAnterior
                0x200007c8        0x1 ./Core/Src/main.o
                0x200007c8                estadoAnterior
 .bss.ledOn     0x200007c9        0x1 ./Core/Src/main.o
                0x200007c9                ledOn
 *fill*         0x200007ca        0x2 
 .bss.fase      0x200007cc        0x4 ./Core/Src/main.o
                0x200007cc                fase
 .bss.indiceLED
                0x200007d0        0x4 ./Core/Src/main.o
                0x200007d0                indiceLED
 .bss.MACAddr.0
                0x200007d4        0x6 ./Core/Src/main.o
 *fill*         0x200007da        0x2 
 .bss.uwTick    0x200007dc        0x4 ./Drivers/STM32F4xx_HAL_Driver/Src/stm32f4xx_hal.o
                0x200007dc                uwTick
 *(COMMON)
                0x200007e0                        . = ALIGN (0x4)
                0x200007e0                        _ebss = .
                0x200007e0                        __bss_end__ = _ebss

._user_heap_stack
                0x200007e0      0x600
                0x200007e0                        . = ALIGN (0x8)
                [!provide]                        PROVIDE (end = .)
                0x200007e0                        PROVIDE (_end = .)
                0x200009e0                        . = (. + _Min_Heap_Size)
 *fill*         0x200007e0      0x200 
                0x20000de0                        . = (. + _Min_Stack_Size)
 *fill*         0x200009e0      0x400 
                0x20000de0                        . = ALIGN (0x8)

/DISCARD/
 libc.a(*)
 libm.a(*)
 libgcc.a(*)

.ARM.attributes
                0x00000000       0x30
 *(.ARM.attributes)
 .ARM.attributes
                0x00000000       0x22 C:/Users/Usuario/Documents/UTN-Luciano/Cuarto/Digitales 2/STM32CubeIDE/plugins/com.st.stm32cube.ide.mcu.externaltools.gnu-tools-for-stm32.13.3.rel1.win32_1.0.0.202411081344/tools/bin/../lib/gcc/arm-none-eabi/13.3.1/thumb/v7e-m+fp/hard/crti.o
 .ARM.attributes
                0x00000022       0x34 C:/Users/Usuario/Documents/UTN-Luciano/Cuarto/Digitales 2/STM32CubeIDE/plugins/com.st.stm32cube.ide.mcu.externaltools.gnu-tools-for-stm32.13.3.rel1.win32_1.0.0.202411081344/tools/bin/../lib/gcc/arm-none-eabi/13.3.1/thumb/v7e-m+fp/hard/crtbegin.o
 .ARM.attributes
                0x00000056       0x34 ./Core/Src/main.o
 .ARM.attributes
                0x0000008a       0x34 ./Core/Src/stm32f4xx_hal_msp.o
 .ARM.attributes
                0x000000be       0x34 ./Core/Src/stm32f4xx_it.o
 .ARM.attributes
                0x000000f2       0x34 ./Core/Src/system_stm32f4xx.o
 .ARM.attributes
                0x00000126       0x21 ./Core/Startup/startup_stm32f429zitx.o
 .ARM.attributes
                0x00000147       0x34 ./Drivers/API/Src/API_Delay.o
 .ARM.attributes
                0x0000017b       0x34 ./Drivers/API/Src/API_GPIO.o
 .ARM.attributes
                0x000001af       0x34 ./Drivers/STM32F4xx_HAL_Driver/Src/stm32f4xx_hal.o
 .ARM.attributes
                0x000001e3       0x34 ./Drivers/STM32F4xx_HAL_Driver/Src/stm32f4xx_hal_cortex.o
 .ARM.attributes
                0x00000217       0x34 ./Drivers/STM32F4xx_HAL_Driver/Src/stm32f4xx_hal_eth.o
 .ARM.attributes
                0x0000024b       0x34 ./Drivers/STM32F4xx_HAL_Driver/Src/stm32f4xx_hal_gpio.o
 .ARM.attributes
                0x0000027f       0x34 ./Drivers/STM32F4xx_HAL_Driver/Src/stm32f4xx_hal_pcd.o
 .ARM.attributes
                0x000002b3       0x34 ./Drivers/STM32F4xx_HAL_Driver/Src/stm32f4xx_hal_rcc.o
 .ARM.attributes
                0x000002e7       0x34 ./Drivers/STM32F4xx_HAL_Driver/Src/stm32f4xx_hal_uart.o
 .ARM.attributes
                0x0000031b       0x34 ./Drivers/STM32F4xx_HAL_Driver/Src/stm32f4xx_ll_usb.o
 .ARM.attributes
                0x0000034f       0x34 C:/Users/Usuario/Documents/UTN-Luciano/Cuarto/Digitales 2/STM32CubeIDE/plugins/com.st.stm32cube.ide.mcu.externaltools.gnu-tools-for-stm32.13.3.rel1.win32_1.0.0.202411081344/tools/bin/../lib/gcc/arm-none-eabi/13.3.1/../../../../arm-none-eabi/lib/thumb/v7e-m+fp/hard\libc_nano.a(libc_a-memset.o)
 .ARM.attributes
                0x00000383       0x34 C:/Users/Usuario/Documents/UTN-Luciano/Cuarto/Digitales 2/STM32CubeIDE/plugins/com.st.stm32cube.ide.mcu.externaltools.gnu-tools-for-stm32.13.3.rel1.win32_1.0.0.202411081344/tools/bin/../lib/gcc/arm-none-eabi/13.3.1/../../../../arm-none-eabi/lib/thumb/v7e-m+fp/hard\libc_nano.a(libc_a-init.o)
 .ARM.attributes
                0x000003b7       0x22 C:/Users/Usuario/Documents/UTN-Luciano/Cuarto/Digitales 2/STM32CubeIDE/plugins/com.st.stm32cube.ide.mcu.externaltools.gnu-tools-for-stm32.13.3.rel1.win32_1.0.0.202411081344/tools/bin/../lib/gcc/arm-none-eabi/13.3.1/thumb/v7e-m+fp/hard\libgcc.a(_aeabi_uldivmod.o)
 .ARM.attributes
                0x000003d9       0x34 C:/Users/Usuario/Documents/UTN-Luciano/Cuarto/Digitales 2/STM32CubeIDE/plugins/com.st.stm32cube.ide.mcu.externaltools.gnu-tools-for-stm32.13.3.rel1.win32_1.0.0.202411081344/tools/bin/../lib/gcc/arm-none-eabi/13.3.1/thumb/v7e-m+fp/hard\libgcc.a(_udivmoddi4.o)
 .ARM.attributes
                0x0000040d       0x22 C:/Users/Usuario/Documents/UTN-Luciano/Cuarto/Digitales 2/STM32CubeIDE/plugins/com.st.stm32cube.ide.mcu.externaltools.gnu-tools-for-stm32.13.3.rel1.win32_1.0.0.202411081344/tools/bin/../lib/gcc/arm-none-eabi/13.3.1/thumb/v7e-m+fp/hard\libgcc.a(_dvmd_tls.o)
 .ARM.attributes
                0x0000042f       0x22 C:/Users/Usuario/Documents/UTN-Luciano/Cuarto/Digitales 2/STM32CubeIDE/plugins/com.st.stm32cube.ide.mcu.externaltools.gnu-tools-for-stm32.13.3.rel1.win32_1.0.0.202411081344/tools/bin/../lib/gcc/arm-none-eabi/13.3.1/thumb/v7e-m+fp/hard/crtn.o
OUTPUT(App_1_3_Grupo_4_Driver_Delay.elf elf32-littlearm)
LOAD linker stubs
LOAD C:/Users/Usuario/Documents/UTN-Luciano/Cuarto/Digitales 2/STM32CubeIDE/plugins/com.st.stm32cube.ide.mcu.externaltools.gnu-tools-for-stm32.13.3.rel1.win32_1.0.0.202411081344/tools/bin/../lib/gcc/arm-none-eabi/13.3.1/../../../../arm-none-eabi/lib/thumb/v7e-m+fp/hard\libc.a
LOAD C:/Users/Usuario/Documents/UTN-Luciano/Cuarto/Digitales 2/STM32CubeIDE/plugins/com.st.stm32cube.ide.mcu.externaltools.gnu-tools-for-stm32.13.3.rel1.win32_1.0.0.202411081344/tools/bin/../lib/gcc/arm-none-eabi/13.3.1/../../../../arm-none-eabi/lib/thumb/v7e-m+fp/hard\libm.a
LOAD C:/Users/Usuario/Documents/UTN-Luciano/Cuarto/Digitales 2/STM32CubeIDE/plugins/com.st.stm32cube.ide.mcu.externaltools.gnu-tools-for-stm32.13.3.rel1.win32_1.0.0.202411081344/tools/bin/../lib/gcc/arm-none-eabi/13.3.1/thumb/v7e-m+fp/hard\libgcc.a

.debug_info     0x00000000     0xe7e2
 .debug_info    0x00000000     0x1bf6 ./Core/Src/main.o
 .debug_info    0x00001bf6     0x178f ./Core/Src/stm32f4xx_hal_msp.o
 .debug_info    0x00003385      0x112 ./Core/Src/stm32f4xx_it.o
 .debug_info    0x00003497      0x52e ./Core/Src/system_stm32f4xx.o
 .debug_info    0x000039c5       0x30 ./Core/Startup/startup_stm32f429zitx.o
 .debug_info    0x000039f5      0x183 ./Drivers/API/Src/API_Delay.o
 .debug_info    0x00003b78      0x554 ./Drivers/API/Src/API_GPIO.o
 .debug_info    0x000040cc      0x9ba ./Drivers/STM32F4xx_HAL_Driver/Src/stm32f4xx_hal.o
 .debug_info    0x00004a86      0xdc2 ./Drivers/STM32F4xx_HAL_Driver/Src/stm32f4xx_hal_cortex.o
 .debug_info    0x00005848     0x2193 ./Drivers/STM32F4xx_HAL_Driver/Src/stm32f4xx_hal_eth.o
 .debug_info    0x000079db      0x6db ./Drivers/STM32F4xx_HAL_Driver/Src/stm32f4xx_hal_gpio.o
 .debug_info    0x000080b6     0x156f ./Drivers/STM32F4xx_HAL_Driver/Src/stm32f4xx_hal_pcd.o
 .debug_info    0x00009625      0x8db ./Drivers/STM32F4xx_HAL_Driver/Src/stm32f4xx_hal_rcc.o
 .debug_info    0x00009f00     0x2f4f ./Drivers/STM32F4xx_HAL_Driver/Src/stm32f4xx_hal_uart.o
 .debug_info    0x0000ce4f     0x1993 ./Drivers/STM32F4xx_HAL_Driver/Src/stm32f4xx_ll_usb.o

.debug_abbrev   0x00000000     0x1f21
 .debug_abbrev  0x00000000      0x2fc ./Core/Src/main.o
 .debug_abbrev  0x000002fc      0x253 ./Core/Src/stm32f4xx_hal_msp.o
 .debug_abbrev  0x0000054f       0x73 ./Core/Src/stm32f4xx_it.o
 .debug_abbrev  0x000005c2      0x11a ./Core/Src/system_stm32f4xx.o
 .debug_abbrev  0x000006dc       0x24 ./Core/Startup/startup_stm32f429zitx.o
 .debug_abbrev  0x00000700       0xde ./Drivers/API/Src/API_Delay.o
 .debug_abbrev  0x000007de      0x1b1 ./Drivers/API/Src/API_GPIO.o
 .debug_abbrev  0x0000098f      0x214 ./Drivers/STM32F4xx_HAL_Driver/Src/stm32f4xx_hal.o
 .debug_abbrev  0x00000ba3      0x31d ./Drivers/STM32F4xx_HAL_Driver/Src/stm32f4xx_hal_cortex.o
 .debug_abbrev  0x00000ec0      0x35c ./Drivers/STM32F4xx_HAL_Driver/Src/stm32f4xx_hal_eth.o
 .debug_abbrev  0x0000121c      0x1d4 ./Drivers/STM32F4xx_HAL_Driver/Src/stm32f4xx_hal_gpio.o
 .debug_abbrev  0x000013f0      0x2b9 ./Drivers/STM32F4xx_HAL_Driver/Src/stm32f4xx_hal_pcd.o
 .debug_abbrev  0x000016a9      0x2b7 ./Drivers/STM32F4xx_HAL_Driver/Src/stm32f4xx_hal_rcc.o
 .debug_abbrev  0x00001960      0x30e ./Drivers/STM32F4xx_HAL_Driver/Src/stm32f4xx_hal_uart.o
 .debug_abbrev  0x00001c6e      0x2b3 ./Drivers/STM32F4xx_HAL_Driver/Src/stm32f4xx_ll_usb.o

.debug_aranges  0x00000000      0xba0
 .debug_aranges
                0x00000000       0x48 ./Core/Src/main.o
 .debug_aranges
                0x00000048       0x50 ./Core/Src/stm32f4xx_hal_msp.o
 .debug_aranges
                0x00000098       0x60 ./Core/Src/stm32f4xx_it.o
 .debug_aranges
                0x000000f8       0x28 ./Core/Src/system_stm32f4xx.o
 .debug_aranges
                0x00000120       0x28 ./Core/Startup/startup_stm32f429zitx.o
 .debug_aranges
                0x00000148       0x30 ./Drivers/API/Src/API_Delay.o
 .debug_aranges
                0x00000178       0x40 ./Drivers/API/Src/API_GPIO.o
 .debug_aranges
                0x000001b8      0x100 ./Drivers/STM32F4xx_HAL_Driver/Src/stm32f4xx_hal.o
 .debug_aranges
                0x000002b8      0x130 ./Drivers/STM32F4xx_HAL_Driver/Src/stm32f4xx_hal_cortex.o
 .debug_aranges
                0x000003e8      0x1e8 ./Drivers/STM32F4xx_HAL_Driver/Src/stm32f4xx_hal_eth.o
 .debug_aranges
                0x000005d0       0x58 ./Drivers/STM32F4xx_HAL_Driver/Src/stm32f4xx_hal_gpio.o
 .debug_aranges
                0x00000628      0x148 ./Drivers/STM32F4xx_HAL_Driver/Src/stm32f4xx_hal_pcd.o
 .debug_aranges
                0x00000770       0x88 ./Drivers/STM32F4xx_HAL_Driver/Src/stm32f4xx_hal_rcc.o
 .debug_aranges
                0x000007f8      0x208 ./Drivers/STM32F4xx_HAL_Driver/Src/stm32f4xx_hal_uart.o
 .debug_aranges
                0x00000a00      0x1a0 ./Drivers/STM32F4xx_HAL_Driver/Src/stm32f4xx_ll_usb.o

.debug_rnglists
                0x00000000      0x8ee
 .debug_rnglists
                0x00000000       0x34 ./Core/Src/main.o
 .debug_rnglists
                0x00000034       0x3a ./Core/Src/stm32f4xx_hal_msp.o
 .debug_rnglists
                0x0000006e       0x43 ./Core/Src/stm32f4xx_it.o
 .debug_rnglists
                0x000000b1       0x1a ./Core/Src/system_stm32f4xx.o
 .debug_rnglists
                0x000000cb       0x19 ./Core/Startup/startup_stm32f429zitx.o
 .debug_rnglists
                0x000000e4       0x1f ./Drivers/API/Src/API_Delay.o
 .debug_rnglists
                0x00000103       0x2c ./Drivers/API/Src/API_GPIO.o
 .debug_rnglists
                0x0000012f       0xbb ./Drivers/STM32F4xx_HAL_Driver/Src/stm32f4xx_hal.o
 .debug_rnglists
                0x000001ea       0xe0 ./Drivers/STM32F4xx_HAL_Driver/Src/stm32f4xx_hal_cortex.o
 .debug_rnglists
                0x000002ca      0x182 ./Drivers/STM32F4xx_HAL_Driver/Src/stm32f4xx_hal_eth.o
 .debug_rnglists
                0x0000044c       0x3f ./Drivers/STM32F4xx_HAL_Driver/Src/stm32f4xx_hal_gpio.o
 .debug_rnglists
                0x0000048b       0xfa ./Drivers/STM32F4xx_HAL_Driver/Src/stm32f4xx_hal_pcd.o
 .debug_rnglists
                0x00000585       0x66 ./Drivers/STM32F4xx_HAL_Driver/Src/stm32f4xx_hal_rcc.o
 .debug_rnglists
                0x000005eb      0x1bc ./Drivers/STM32F4xx_HAL_Driver/Src/stm32f4xx_hal_uart.o
 .debug_rnglists
                0x000007a7      0x147 ./Drivers/STM32F4xx_HAL_Driver/Src/stm32f4xx_ll_usb.o

.debug_macro    0x00000000    0x23ff1
 .debug_macro   0x00000000      0x2f4 ./Core/Src/main.o
 .debug_macro   0x000002f4      0xad8 ./Core/Src/main.o
 .debug_macro   0x00000dcc      0x2a1 ./Core/Src/main.o
 .debug_macro   0x0000106d       0x2e ./Core/Src/main.o
 .debug_macro   0x0000109b       0x28 ./Core/Src/main.o
 .debug_macro   0x000010c3       0x22 ./Core/Src/main.o
 .debug_macro   0x000010e5       0x8e ./Core/Src/main.o
 .debug_macro   0x00001173       0x51 ./Core/Src/main.o
 .debug_macro   0x000011c4      0x103 ./Core/Src/main.o
 .debug_macro   0x000012c7       0x6a ./Core/Src/main.o
 .debug_macro   0x00001331      0x1df ./Core/Src/main.o
 .debug_macro   0x00001510       0x1c ./Core/Src/main.o
 .debug_macro   0x0000152c       0x22 ./Core/Src/main.o
 .debug_macro   0x0000154e       0xfb ./Core/Src/main.o
 .debug_macro   0x00001649     0x1011 ./Core/Src/main.o
 .debug_macro   0x0000265a      0x11f ./Core/Src/main.o
 .debug_macro   0x00002779    0x17ff1 ./Core/Src/main.o
 .debug_macro   0x0001a76a       0x6d ./Core/Src/main.o
 .debug_macro   0x0001a7d7     0x370a ./Core/Src/main.o
 .debug_macro   0x0001dee1      0x190 ./Core/Src/main.o
 .debug_macro   0x0001e071       0x5c ./Core/Src/main.o
 .debug_macro   0x0001e0cd      0xcba ./Core/Src/main.o
 .debug_macro   0x0001ed87      0x9e9 ./Core/Src/main.o
 .debug_macro   0x0001f770      0x115 ./Core/Src/main.o
 .debug_macro   0x0001f885      0x156 ./Core/Src/main.o
 .debug_macro   0x0001f9db       0xa5 ./Core/Src/main.o
 .debug_macro   0x0001fa80      0x182 ./Core/Src/main.o
 .debug_macro   0x0001fc02      0x287 ./Core/Src/main.o
 .debug_macro   0x0001fe89       0x5f ./Core/Src/main.o
 .debug_macro   0x0001fee8      0x236 ./Core/Src/main.o
 .debug_macro   0x0002011e      0xb99 ./Core/Src/main.o
 .debug_macro   0x00020cb7      0x132 ./Core/Src/main.o
 .debug_macro   0x00020de9      0x41d ./Core/Src/main.o
 .debug_macro   0x00021206       0x2e ./Core/Src/main.o
 .debug_macro   0x00021234      0x127 ./Core/Src/main.o
 .debug_macro   0x0002135b       0xe2 ./Core/Src/main.o
 .debug_macro   0x0002143d       0x89 ./Core/Src/main.o
 .debug_macro   0x000214c6      0x2aa ./Core/Src/main.o
 .debug_macro   0x00021770      0x293 ./Core/Src/main.o
 .debug_macro   0x00021a03       0xba ./Core/Src/main.o
 .debug_macro   0x00021abd      0x134 ./Core/Src/main.o
 .debug_macro   0x00021bf1      0x130 ./Core/Src/main.o
 .debug_macro   0x00021d21       0x61 ./Core/Src/main.o
 .debug_macro   0x00021d82       0x2a ./Core/Src/main.o
 .debug_macro   0x00021dac       0x43 ./Core/Src/main.o
 .debug_macro   0x00021def       0x34 ./Core/Src/main.o
 .debug_macro   0x00021e23      0x370 ./Core/Src/main.o
 .debug_macro   0x00022193       0x16 ./Core/Src/main.o
 .debug_macro   0x000221a9       0x4a ./Core/Src/main.o
 .debug_macro   0x000221f3       0x34 ./Core/Src/main.o
 .debug_macro   0x00022227       0x10 ./Core/Src/main.o
 .debug_macro   0x00022237       0x58 ./Core/Src/main.o
 .debug_macro   0x0002228f       0x8e ./Core/Src/main.o
 .debug_macro   0x0002231d       0x1c ./Core/Src/main.o
 .debug_macro   0x00022339      0x185 ./Core/Src/main.o
 .debug_macro   0x000224be       0x10 ./Core/Src/main.o
 .debug_macro   0x000224ce       0x3c ./Core/Src/main.o
 .debug_macro   0x0002250a       0x20 ./Core/Src/main.o
 .debug_macro   0x0002252a       0x22 ./Core/Src/main.o
 .debug_macro   0x0002254c      0x1f7 ./Core/Src/stm32f4xx_hal_msp.o
 .debug_macro   0x00022743      0x201 ./Core/Src/stm32f4xx_it.o
 .debug_macro   0x00022944      0x1e8 ./Core/Src/system_stm32f4xx.o
 .debug_macro   0x00022b2c      0x20a ./Drivers/API/Src/API_Delay.o
 .debug_macro   0x00022d36      0x20a ./Drivers/API/Src/API_GPIO.o
 .debug_macro   0x00022f40      0x248 ./Drivers/STM32F4xx_HAL_Driver/Src/stm32f4xx_hal.o
 .debug_macro   0x00023188      0x1e8 ./Drivers/STM32F4xx_HAL_Driver/Src/stm32f4xx_hal_cortex.o
 .debug_macro   0x00023370      0x2c2 ./Drivers/STM32F4xx_HAL_Driver/Src/stm32f4xx_hal_eth.o
 .debug_macro   0x00023632      0x1ee ./Drivers/STM32F4xx_HAL_Driver/Src/stm32f4xx_hal_gpio.o
 .debug_macro   0x00023820      0x1f4 ./Drivers/STM32F4xx_HAL_Driver/Src/stm32f4xx_hal_pcd.o
 .debug_macro   0x00023a14      0x20c ./Drivers/STM32F4xx_HAL_Driver/Src/stm32f4xx_hal_rcc.o
 .debug_macro   0x00023c20      0x1e9 ./Drivers/STM32F4xx_HAL_Driver/Src/stm32f4xx_hal_uart.o
 .debug_macro   0x00023e09      0x1e8 ./Drivers/STM32F4xx_HAL_Driver/Src/stm32f4xx_ll_usb.o

.debug_line     0x00000000     0xda23
 .debug_line    0x00000000      0xc2a ./Core/Src/main.o
 .debug_line    0x00000c2a      0x893 ./Core/Src/stm32f4xx_hal_msp.o
 .debug_line    0x000014bd      0x812 ./Core/Src/stm32f4xx_it.o
 .debug_line    0x00001ccf      0x7d9 ./Core/Src/system_stm32f4xx.o
 .debug_line    0x000024a8       0x7a ./Core/Startup/startup_stm32f429zitx.o
 .debug_line    0x00002522      0x85c ./Drivers/API/Src/API_Delay.o
 .debug_line    0x00002d7e      0x88c ./Drivers/API/Src/API_GPIO.o
 .debug_line    0x0000360a      0xa8b ./Drivers/STM32F4xx_HAL_Driver/Src/stm32f4xx_hal.o
 .debug_line    0x00004095      0xd25 ./Drivers/STM32F4xx_HAL_Driver/Src/stm32f4xx_hal_cortex.o
 .debug_line    0x00004dba     0x1a6a ./Drivers/STM32F4xx_HAL_Driver/Src/stm32f4xx_hal_eth.o
 .debug_line    0x00006824      0xbd5 ./Drivers/STM32F4xx_HAL_Driver/Src/stm32f4xx_hal_gpio.o
 .debug_line    0x000073f9     0x14a0 ./Drivers/STM32F4xx_HAL_Driver/Src/stm32f4xx_hal_pcd.o
 .debug_line    0x00008899      0xe64 ./Drivers/STM32F4xx_HAL_Driver/Src/stm32f4xx_hal_rcc.o
 .debug_line    0x000096fd     0x259d ./Drivers/STM32F4xx_HAL_Driver/Src/stm32f4xx_hal_uart.o
 .debug_line    0x0000bc9a     0x1d89 ./Drivers/STM32F4xx_HAL_Driver/Src/stm32f4xx_ll_usb.o

.debug_str      0x00000000    0xd9634
 .debug_str     0x00000000    0xd9634 ./Core/Src/main.o
                              0xd5ed0 (size before relaxing)
 .debug_str     0x000d9634    0xd2862 ./Core/Src/stm32f4xx_hal_msp.o
 .debug_str     0x000d9634    0xd19cf ./Core/Src/stm32f4xx_it.o
 .debug_str     0x000d9634    0xd164b ./Core/Src/system_stm32f4xx.o
 .debug_str     0x000d9634       0xac ./Core/Startup/startup_stm32f429zitx.o
 .debug_str     0x000d9634    0xd19fd ./Drivers/API/Src/API_Delay.o
 .debug_str     0x000d9634    0xd1c05 ./Drivers/API/Src/API_GPIO.o
 .debug_str     0x000d9634    0xd226e ./Drivers/STM32F4xx_HAL_Driver/Src/stm32f4xx_hal.o
 .debug_str     0x000d9634    0xd1f9c ./Drivers/STM32F4xx_HAL_Driver/Src/stm32f4xx_hal_cortex.o
 .debug_str     0x000d9634    0xd2f47 ./Drivers/STM32F4xx_HAL_Driver/Src/stm32f4xx_hal_eth.o
 .debug_str     0x000d9634    0xd17c6 ./Drivers/STM32F4xx_HAL_Driver/Src/stm32f4xx_hal_gpio.o
 .debug_str     0x000d9634    0xd2116 ./Drivers/STM32F4xx_HAL_Driver/Src/stm32f4xx_hal_pcd.o
 .debug_str     0x000d9634    0xd1a7f ./Drivers/STM32F4xx_HAL_Driver/Src/stm32f4xx_hal_rcc.o
 .debug_str     0x000d9634    0xd204d ./Drivers/STM32F4xx_HAL_Driver/Src/stm32f4xx_hal_uart.o
 .debug_str     0x000d9634    0xd1ff1 ./Drivers/STM32F4xx_HAL_Driver/Src/stm32f4xx_ll_usb.o

.comment        0x00000000       0x43
 .comment       0x00000000       0x43 ./Core/Src/main.o
                                 0x44 (size before relaxing)
 .comment       0x00000043       0x44 ./Core/Src/stm32f4xx_hal_msp.o
 .comment       0x00000043       0x44 ./Core/Src/stm32f4xx_it.o
 .comment       0x00000043       0x44 ./Core/Src/system_stm32f4xx.o
 .comment       0x00000043       0x44 ./Drivers/API/Src/API_Delay.o
 .comment       0x00000043       0x44 ./Drivers/API/Src/API_GPIO.o
 .comment       0x00000043       0x44 ./Drivers/STM32F4xx_HAL_Driver/Src/stm32f4xx_hal.o
 .comment       0x00000043       0x44 ./Drivers/STM32F4xx_HAL_Driver/Src/stm32f4xx_hal_cortex.o
 .comment       0x00000043       0x44 ./Drivers/STM32F4xx_HAL_Driver/Src/stm32f4xx_hal_eth.o
 .comment       0x00000043       0x44 ./Drivers/STM32F4xx_HAL_Driver/Src/stm32f4xx_hal_gpio.o
 .comment       0x00000043       0x44 ./Drivers/STM32F4xx_HAL_Driver/Src/stm32f4xx_hal_pcd.o
 .comment       0x00000043       0x44 ./Drivers/STM32F4xx_HAL_Driver/Src/stm32f4xx_hal_rcc.o
 .comment       0x00000043       0x44 ./Drivers/STM32F4xx_HAL_Driver/Src/stm32f4xx_hal_uart.o
 .comment       0x00000043       0x44 ./Drivers/STM32F4xx_HAL_Driver/Src/stm32f4xx_ll_usb.o

.debug_frame    0x00000000     0x30a0
 .debug_frame   0x00000000       0xc0 ./Core/Src/main.o
 .debug_frame   0x000000c0      0x110 ./Core/Src/stm32f4xx_hal_msp.o
 .debug_frame   0x000001d0      0x104 ./Core/Src/stm32f4xx_it.o
 .debug_frame   0x000002d4       0x58 ./Core/Src/system_stm32f4xx.o
 .debug_frame   0x0000032c       0x84 ./Drivers/API/Src/API_Delay.o
 .debug_frame   0x000003b0       0xbc ./Drivers/API/Src/API_GPIO.o
 .debug_frame   0x0000046c      0x3b4 ./Drivers/STM32F4xx_HAL_Driver/Src/stm32f4xx_hal.o
 .debug_frame   0x00000820      0x508 ./Drivers/STM32F4xx_HAL_Driver/Src/stm32f4xx_hal_cortex.o
 .debug_frame   0x00000d28      0x8c0 ./Drivers/STM32F4xx_HAL_Driver/Src/stm32f4xx_hal_eth.o
 .debug_frame   0x000015e8      0x14c ./Drivers/STM32F4xx_HAL_Driver/Src/stm32f4xx_hal_gpio.o
 .debug_frame   0x00001734      0x5b8 ./Drivers/STM32F4xx_HAL_Driver/Src/stm32f4xx_hal_pcd.o
 .debug_frame   0x00001cec      0x1f4 ./Drivers/STM32F4xx_HAL_Driver/Src/stm32f4xx_hal_rcc.o
 .debug_frame   0x00001ee0      0x954 ./Drivers/STM32F4xx_HAL_Driver/Src/stm32f4xx_hal_uart.o
 .debug_frame   0x00002834      0x7c0 ./Drivers/STM32F4xx_HAL_Driver/Src/stm32f4xx_ll_usb.o
 .debug_frame   0x00002ff4       0x20 C:/Users/Usuario/Documents/UTN-Luciano/Cuarto/Digitales 2/STM32CubeIDE/plugins/com.st.stm32cube.ide.mcu.externaltools.gnu-tools-for-stm32.13.3.rel1.win32_1.0.0.202411081344/tools/bin/../lib/gcc/arm-none-eabi/13.3.1/../../../../arm-none-eabi/lib/thumb/v7e-m+fp/hard\libc_nano.a(libc_a-memset.o)
 .debug_frame   0x00003014       0x2c C:/Users/Usuario/Documents/UTN-Luciano/Cuarto/Digitales 2/STM32CubeIDE/plugins/com.st.stm32cube.ide.mcu.externaltools.gnu-tools-for-stm32.13.3.rel1.win32_1.0.0.202411081344/tools/bin/../lib/gcc/arm-none-eabi/13.3.1/../../../../arm-none-eabi/lib/thumb/v7e-m+fp/hard\libc_nano.a(libc_a-init.o)
 .debug_frame   0x00003040       0x2c C:/Users/Usuario/Documents/UTN-Luciano/Cuarto/Digitales 2/STM32CubeIDE/plugins/com.st.stm32cube.ide.mcu.externaltools.gnu-tools-for-stm32.13.3.rel1.win32_1.0.0.202411081344/tools/bin/../lib/gcc/arm-none-eabi/13.3.1/thumb/v7e-m+fp/hard\libgcc.a(_aeabi_uldivmod.o)
 .debug_frame   0x0000306c       0x34 C:/Users/Usuario/Documents/UTN-Luciano/Cuarto/Digitales 2/STM32CubeIDE/plugins/com.st.stm32cube.ide.mcu.externaltools.gnu-tools-for-stm32.13.3.rel1.win32_1.0.0.202411081344/tools/bin/../lib/gcc/arm-none-eabi/13.3.1/thumb/v7e-m+fp/hard\libgcc.a(_udivmoddi4.o)

.debug_line_str
                0x00000000       0x90
 .debug_line_str
                0x00000000       0x90 ./Core/Startup/startup_stm32f429zitx.o
