../Core/Src/main.c:95:5:main	24	static
../Core/Src/main.c:160:6:buttonPressed	16	static
../Core/Src/main.c:169:6:buttonReleased	16	static
../Core/Src/main.c:174:6:readKey	8	static
../Core/Src/main.c:179:10:getCurrentMs	8	static
../Core/Src/main.c:188:6:SystemClock_Config	88	static
../Core/Src/main.c:234:13:MX_ETH_Init	8	static
../Core/Src/main.c:283:13:MX_USART3_UART_Init	8	static
../Core/Src/main.c:316:13:MX_USB_OTG_FS_PCD_Init	8	static
../Core/Src/main.c:354:6:Error_Handler	4	static,ignoring_inline_asm
