../Core/Src/main.c:94:5:main	16	static
../Core/Src/main.c:163:6:buttonPressed	16	static
../Core/Src/main.c:168:6:buttonReleased	16	static
../Core/Src/main.c:172:6:readKey	8	static
../Core/Src/main.c:176:10:getCurrentMs	8	static
../Core/Src/main.c:184:6:SystemClock_Config	88	static
../Core/Src/main.c:230:13:MX_ETH_Init	8	static
../Core/Src/main.c:279:13:MX_USART3_UART_Init	8	static
../Core/Src/main.c:312:13:MX_USB_OTG_FS_PCD_Init	8	static
../Core/Src/main.c:351:6:Error_Handler	4	static,ignoring_inline_asm
